// Jest Snapshot v1, https://goo.gl/fbAQLP

exports[`should render component correctly 1`] = `
<h1>
  Hello Hi, 
  , 
   
</h1>
`;
